Testing category endpoints against http://localhost:3000
--------------------------------------------------
phones                 -> NETWORK ERROR: fetch failed
phone-cases-protection -> NETWORK ERROR: fetch failed
laptops                -> NETWORK ERROR: fetch failed
monitors               -> NETWORK ERROR: fetch failed
tv-display             -> NETWORK ERROR: fetch failed
headphones-audio       -> NETWORK ERROR: fetch failed
keyboards-mice         -> NETWORK ERROR: fetch failed
home-garden            -> NETWORK ERROR: fetch failed
personal-care          -> NETWORK ERROR: fetch failed
small-appliances       -> NETWORK ERROR: fetch failed
wellness-supplements   -> NETWORK ERROR: fetch failed
gifts-lifestyle        -> NETWORK ERROR: fetch failed
books-media            -> NETWORK ERROR: fetch failed
toys-games             -> NETWORK ERROR: fetch failed
kitchen                -> NETWORK ERROR: fetch failed
tablets                -> NETWORK ERROR: fetch failed
smartwatches           -> NETWORK ERROR: fetch failed
--------------------------------------------------
Test complete.
